Release 9.2i - xst J.36
Copyright (c) 1995-2007 Xilinx, Inc.  All rights reserved.
--> Parameter TMPDIR set to ./xst/projnav.tmp
CPU : 0.00 / 0.06 s | Elapsed : 0.00 / 0.00 s
 
--> Parameter xsthdpdir set to ./xst
CPU : 0.00 / 0.06 s | Elapsed : 0.00 / 0.00 s
 
--> Reading design: Carrefourfeux.prj

TABLE OF CONTENTS
  1) Synthesis Options Summary
  2) HDL Compilation
  3) Design Hierarchy Analysis
  4) HDL Analysis
  5) HDL Synthesis
     5.1) HDL Synthesis Report
  6) Advanced HDL Synthesis
     6.1) Advanced HDL Synthesis Report
  7) Low Level Synthesis
  8) Partition Report
  9) Final Report
     9.1) Device utilization summary
     9.2) Partition Resource Summary
     9.3) TIMING REPORT


=========================================================================
*                      Synthesis Options Summary                        *
=========================================================================
---- Source Parameters
Input File Name                    : "Carrefourfeux.prj"
Input Format                       : mixed
Ignore Synthesis Constraint File   : NO

---- Target Parameters
Output File Name                   : "Carrefourfeux"
Output Format                      : NGC
Target Device                      : xc3s500e-4-fg320

---- Source Options
Top Module Name                    : Carrefourfeux
Automatic FSM Extraction           : YES
FSM Encoding Algorithm             : Auto
Safe Implementation                : No
FSM Style                          : lut
RAM Extraction                     : Yes
RAM Style                          : Auto
ROM Extraction                     : Yes
Mux Style                          : Auto
Decoder Extraction                 : YES
Priority Encoder Extraction        : YES
Shift Register Extraction          : YES
Logical Shifter Extraction         : YES
XOR Collapsing                     : YES
ROM Style                          : Auto
Mux Extraction                     : YES
Resource Sharing                   : YES
Asynchronous To Synchronous        : NO
Multiplier Style                   : auto
Automatic Register Balancing       : No

---- Target Options
Add IO Buffers                     : YES
Global Maximum Fanout              : 500
Add Generic Clock Buffer(BUFG)     : 24
Register Duplication               : YES
Slice Packing                      : YES
Optimize Instantiated Primitives   : NO
Use Clock Enable                   : Yes
Use Synchronous Set                : Yes
Use Synchronous Reset              : Yes
Pack IO Registers into IOBs        : auto
Equivalent register Removal        : YES

---- General Options
Optimization Goal                  : Speed
Optimization Effort                : 1
Library Search Order               : Carrefourfeux.lso
Keep Hierarchy                     : NO
RTL Output                         : Yes
Global Optimization                : AllClockNets
Read Cores                         : YES
Write Timing Constraints           : NO
Cross Clock Analysis               : NO
Hierarchy Separator                : /
Bus Delimiter                      : <>
Case Specifier                     : maintain
Slice Utilization Ratio            : 100
BRAM Utilization Ratio             : 100
Verilog 2001                       : YES
Auto BRAM Packing                  : NO
Slice Utilization Ratio Delta      : 5

=========================================================================


=========================================================================
*                          HDL Compilation                              *
=========================================================================
Compiling vhdl file "E:/TP_VHDL/Carrefourfeux/Carrefourfeux.vhd" in Library work.
Entity <carrefourfeux> compiled.
Entity <carrefourfeux> (Architecture <behavioral>) compiled.

=========================================================================
*                     Design Hierarchy Analysis                         *
=========================================================================
Analyzing hierarchy for entity <Carrefourfeux> in library <work> (architecture <behavioral>).


=========================================================================
*                            HDL Analysis                               *
=========================================================================
Analyzing Entity <Carrefourfeux> in library <work> (Architecture <behavioral>).
Entity <Carrefourfeux> analyzed. Unit <Carrefourfeux> generated.


=========================================================================
*                           HDL Synthesis                               *
=========================================================================

Performing bidirectional port resolution...

Synthesizing Unit <Carrefourfeux>.
    Related source file is "E:/TP_VHDL/Carrefourfeux/Carrefourfeux.vhd".
    Found finite state machine <FSM_0> for signal <etat_ac>.
    -----------------------------------------------------------------------
    | States             | 7                                              |
    | Transitions        | 14                                             |
    | Inputs             | 7                                              |
    | Outputs            | 7                                              |
    | Clock              | CLK (rising_edge)                              |
    | Reset              | RESET (positive)                               |
    | Reset type         | asynchronous                                   |
    | Reset State        | etat_defaut                                    |
    | Power Up State     | etat_defaut                                    |
    | Encoding           | automatic                                      |
    | Implementation     | LUT                                            |
    -----------------------------------------------------------------------
    Found 8-bit up counter for signal <cpt130>.
    Found 6-bit up counter for signal <cpt1mhz>.
    Summary:
	inferred   1 Finite State Machine(s).
	inferred   2 Counter(s).
Unit <Carrefourfeux> synthesized.


=========================================================================
HDL Synthesis Report

Macro Statistics
# Counters                                             : 2
 6-bit up counter                                      : 1
 8-bit up counter                                      : 1

=========================================================================

=========================================================================
*                       Advanced HDL Synthesis                          *
=========================================================================

Analyzing FSM <FSM_0> for best encoding.
Optimizing FSM <etat_ac> on signal <etat_ac[1:3]> with sequential encoding.
-------------------------
 State       | Encoding
-------------------------
 etat_defaut | 000
 etat_oprs   | 001
 etat_rprs   | 010
 etat_rpvs   | 011
 etat_rpos   | 100
 etat_rsrp   | 101
 etat_vprs   | 110
-------------------------
Loading device for application Rf_Device from file '3s500e.nph' in environment C:\Xilinx92i.

=========================================================================
Advanced HDL Synthesis Report

Macro Statistics
# FSMs                                                 : 1
# Counters                                             : 2
 6-bit up counter                                      : 1
 8-bit up counter                                      : 1
# Registers                                            : 3
 Flip-Flops                                            : 3

=========================================================================

=========================================================================
*                         Low Level Synthesis                           *
=========================================================================

Optimizing unit <Carrefourfeux> ...

Mapping all equations...
Building and optimizing final netlist ...
Found area constraint ratio of 100 (+ 5) on block Carrefourfeux, actual ratio is 0.

Final Macro Processing ...

=========================================================================
Final Register Report

Macro Statistics
# Registers                                            : 17
 Flip-Flops                                            : 17

=========================================================================

=========================================================================
*                          Partition Report                             *
=========================================================================

Partition Implementation Status
-------------------------------

  No Partitions were found in this design.

-------------------------------

=========================================================================
*                            Final Report                               *
=========================================================================
Final Results
RTL Top Level Output File Name     : Carrefourfeux.ngr
Top Level Output File Name         : Carrefourfeux
Output Format                      : NGC
Optimization Goal                  : Speed
Keep Hierarchy                     : NO

Design Statistics
# IOs                              : 9

Cell Usage :
# BELS                             : 87
#      GND                         : 1
#      INV                         : 2
#      LUT1                        : 7
#      LUT2                        : 3
#      LUT2_D                      : 1
#      LUT3                        : 11
#      LUT3_D                      : 3
#      LUT3_L                      : 4
#      LUT4                        : 32
#      LUT4_D                      : 1
#      LUT4_L                      : 5
#      MUXCY                       : 7
#      MUXF5                       : 2
#      VCC                         : 1
#      XORCY                       : 7
# FlipFlops/Latches                : 17
#      FDC                         : 9
#      FDCE                        : 8
# Clock Buffers                    : 1
#      BUFGP                       : 1
# IO Buffers                       : 8
#      IBUF                        : 2
#      OBUF                        : 6
=========================================================================

Device utilization summary:
---------------------------

Selected Device : 3s500efg320-4 

 Number of Slices:                      36  out of   4656     0%  
 Number of Slice Flip Flops:            17  out of   9312     0%  
 Number of 4 input LUTs:                69  out of   9312     0%  
 Number of IOs:                          9
 Number of bonded IOBs:                  9  out of    232     3%  
 Number of GCLKs:                        1  out of     24     4%  

---------------------------
Partition Resource Summary:
---------------------------

  No Partitions were found in this design.

---------------------------


=========================================================================
TIMING REPORT

NOTE: THESE TIMING NUMBERS ARE ONLY A SYNTHESIS ESTIMATE.
      FOR ACCURATE TIMING INFORMATION PLEASE REFER TO THE TRACE REPORT
      GENERATED AFTER PLACE-and-ROUTE.

Clock Information:
------------------
-----------------------------------+------------------------+-------+
Clock Signal                       | Clock buffer(FF name)  | Load  |
-----------------------------------+------------------------+-------+
CLK                                | BUFGP                  | 17    |
-----------------------------------+------------------------+-------+

Asynchronous Control Signals Information:
----------------------------------------
-----------------------------------+------------------------+-------+
Control Signal                     | Buffer(FF name)        | Load  |
-----------------------------------+------------------------+-------+
RESET                              | IBUF                   | 17    |
-----------------------------------+------------------------+-------+

Timing Summary:
---------------
Speed Grade: -4

   Minimum period: 5.822ns (Maximum Frequency: 171.762MHz)
   Minimum input arrival time before clock: 3.050ns
   Maximum output required time after clock: 6.213ns
   Maximum combinational path delay: No path found

Timing Detail:
--------------
All values displayed in nanoseconds (ns)

=========================================================================
Timing constraint: Default period analysis for Clock 'CLK'
  Clock period: 5.822ns (frequency: 171.762MHz)
  Total number of paths / destination ports: 320 / 25
-------------------------------------------------------------------------
Delay:               5.822ns (Levels of Logic = 4)
  Source:            cpt130_1 (FF)
  Destination:       etat_ac_FFd2 (FF)
  Source Clock:      CLK rising
  Destination Clock: CLK rising

  Data Path: cpt130_1 to etat_ac_FFd2
                                Gate     Net
    Cell:in->out      fanout   Delay   Delay  Logical Name (Net Name)
    ----------------------------------------  ------------
     FDCE:C->Q            13   0.591   1.062  cpt130_1 (cpt130_1)
     LUT4:I1->O            1   0.704   0.455  etat_ac_cmp_eq00031_SW2 (N153)
     LUT4:I2->O            1   0.704   0.455  etat_ac_FFd2-In67 (etat_ac_FFd2-In_map16)
     LUT4_L:I2->LO         1   0.704   0.135  etat_ac_FFd2-In97 (etat_ac_FFd2-In_map27)
     LUT4:I2->O            1   0.704   0.000  etat_ac_FFd2-In121 (etat_ac_FFd2-In)
     FDC:D                     0.308          etat_ac_FFd2
    ----------------------------------------
    Total                      5.822ns (3.715ns logic, 2.107ns route)
                                       (63.8% logic, 36.2% route)

=========================================================================
Timing constraint: Default OFFSET IN BEFORE for Clock 'CLK'
  Total number of paths / destination ports: 1 / 1
-------------------------------------------------------------------------
Offset:              3.050ns (Levels of Logic = 3)
  Source:            DETECTION (PAD)
  Destination:       etat_ac_FFd3 (FF)
  Destination Clock: CLK rising

  Data Path: DETECTION to etat_ac_FFd3
                                Gate     Net
    Cell:in->out      fanout   Delay   Delay  Logical Name (Net Name)
    ----------------------------------------  ------------
     IBUF:I->O             1   1.218   0.499  DETECTION_IBUF (DETECTION_IBUF)
     LUT3:I1->O            1   0.704   0.000  etat_ac_FFd3-In2 (N21)
     MUXF5:I0->O           1   0.321   0.000  etat_ac_FFd3-In_f5 (etat_ac_FFd3-In)
     FDC:D                     0.308          etat_ac_FFd3
    ----------------------------------------
    Total                      3.050ns (2.551ns logic, 0.499ns route)
                                       (83.6% logic, 16.4% route)

=========================================================================
Timing constraint: Default OFFSET OUT AFTER for Clock 'CLK'
  Total number of paths / destination ports: 17 / 6
-------------------------------------------------------------------------
Offset:              6.213ns (Levels of Logic = 2)
  Source:            etat_ac_FFd2 (FF)
  Destination:       Op (PAD)
  Source Clock:      CLK rising

  Data Path: etat_ac_FFd2 to Op
                                Gate     Net
    Cell:in->out      fanout   Delay   Delay  Logical Name (Net Name)
    ----------------------------------------  ------------
     FDC:C->Q             17   0.591   1.226  etat_ac_FFd2 (etat_ac_FFd2)
     LUT2:I0->O            1   0.704   0.420  etat_ac_Out31 (Vs_OBUF)
     OBUF:I->O                 3.272          Vs_OBUF (Vs)
    ----------------------------------------
    Total                      6.213ns (4.567ns logic, 1.646ns route)
                                       (73.5% logic, 26.5% route)

=========================================================================
CPU : 2.30 / 2.37 s | Elapsed : 2.00 / 2.00 s
 
--> 

Total memory usage is 251384 kilobytes

Number of errors   :    0 (   0 filtered)
Number of warnings :    0 (   0 filtered)
Number of infos    :    0 (   0 filtered)

