V3 3
FL E:/TP_VHDL/Carrefourfeux/Carrefourfeux.vhd 2019/03/13.09:56:04 J.36
EN work/Carrefourfeux 1552467533 FL E:/TP_VHDL/Carrefourfeux/Carrefourfeux.vhd \
      PB ieee/std_logic_1164 1177545575 PB ieee/std_logic_arith 1177545576 \
      PB ieee/STD_LOGIC_UNSIGNED 1177545583
AR work/Carrefourfeux/Behavioral 1552467534 \
      FL E:/TP_VHDL/Carrefourfeux/Carrefourfeux.vhd EN work/Carrefourfeux 1552467533
